
> cuemath-social-studio@0.1.0 build
> next build

Γû▓ Next.js 16.2.3 (Turbopack)
- Environments: .env.local

  Creating an optimized production build ...
Γ£ô Compiled successfully in 21.8s
  Running TypeScript ...
  Finished TypeScript in 9.4s ...
  Collecting page data using 3 workers ...
  Generating static pages using 3 workers (0/4) ...
  Generating static pages using 3 workers (1/4) 
  Generating static pages using 3 workers (2/4) 
  Generating static pages using 3 workers (3/4) 
Γ£ô Generating static pages using 3 workers (4/4) in 654ms
  Finalizing page optimization ...

Route (app)
Γöî Γùï /
Γö£ Γùï /_not-found
Γöö ╞Æ /api/generate


Γùï  (Static)   prerendered as static content
╞Æ  (Dynamic)  server-rendered on demand

